**********************************************************************
** Visual Studio 2022 Developer PowerShell v17.6.5
** Copyright (c) 2022 Microsoft Corporation
**********************************************************************
PS C:\Users\alex.araujo\source\repos\Projeto Teste Entra21 GitHub> git init
Initialized empty Git repository in C:/Users/alex.araujo/source/repos/Projeto Teste Entra21 GitHub/.git/
PS C:\Users\alex.araujo\source\repos\Projeto Teste Entra21 GitHub> git status
On branch master

No commits yet

Untracked files:
  (use "git add <file>..." to include in what will be committed)
        .vs/
        Projeto Teste Entra21 GitHub.sln
        Projeto Teste Entra21 GitHub/

nothing added to commit but untracked files present (use "git add" to track)
PS C:\Users\alex.araujo\source\repos\Projeto Teste Entra21 GitHub> git remote add origin https://github.com/alex-araujo-code/Teste-Reposit-rio-Entra21.git
PS C:\Users\alex.araujo\source\repos\Projeto Teste Entra21 GitHub> git status
On branch master

No commits yet

Untracked files:
  (use "git add <file>..." to include in what will be committed)
        .vs/
        Projeto Teste Entra21 GitHub.sln
        Projeto Teste Entra21 GitHub/

nothing added to commit but untracked files present (use "git add" to track)
PS C:\Users\alex.araujo\source\repos\Projeto Teste Entra21 GitHub> git add Projeto Teste Entra21 GitHub.sln
fatal: pathspec 'Projeto' did not match any files
PS C:\Users\alex.araujo\source\repos\Projeto Teste Entra21 GitHub> git add Projeto-Teste-Entra21-GitHub.sln
fatal: pathspec 'Projeto-Teste-Entra21-GitHub.sln' did not match any files
PS C:\Users\alex.araujo\source\repos\Projeto Teste Entra21 GitHub> git add Projeto_Teste_Entra21_GitHub.sln
fatal: pathspec 'Projeto_Teste_Entra21_GitHub.sln' did not match any files
PS C:\Users\alex.araujo\source\repos\Projeto Teste Entra21 GitHub> git add .
PS C:\Users\alex.araujo\source\repos\Projeto Teste Entra21 GitHub> git status
On branch master

No commits yet

Changes to be committed:
  (use "git rm --cached <file>..." to unstage)
        new file:   .vs/ProjectEvaluation/projeto teste entra21 github.metadata.v7.bin
        new file:   .vs/ProjectEvaluation/projeto teste entra21 github.projects.v7.bin
        new file:   .vs/ProjectSettings.json
        new file:   .vs/Projeto Teste Entra21 GitHub/DesignTimeBuild/.dtbcache.v2
        new file:   .vs/Projeto Teste Entra21 GitHub/FileContentIndex/2659374d-356b-43fb-bd0a-c00b6015acac.vsidx
        new file:   .vs/Projeto Teste Entra21 GitHub/FileContentIndex/5360f435-9785-449a-9db4-30c09ca2e348.vsidx
        new file:   .vs/Projeto Teste Entra21 GitHub/FileContentIndex/read.lock
        new file:   .vs/Projeto Teste Entra21 GitHub/v17/.futdcache.v2
        new file:   .vs/Projeto Teste Entra21 GitHub/v17/.suo
        new file:   .vs/Projeto Teste Entra21 GitHub/v17/.wsuo
        new file:   .vs/slnx.sqlite
        new file:   Projeto Teste Entra21 GitHub.sln
        new file:   Projeto Teste Entra21 GitHub/Program.cs
        new file:   Projeto Teste Entra21 GitHub/Projeto Teste Entra21 GitHub.csproj
        new file:   Projeto Teste Entra21 GitHub/obj/Debug/net7.0/.NETCoreApp,Version=v7.0.AssemblyAttributes.cs
        new file:   Projeto Teste Entra21 GitHub/obj/Debug/net7.0/Projeto Teste Entra21 GitHub.AssemblyInfo.cs
        new file:   Projeto Teste Entra21 GitHub/obj/Debug/net7.0/Projeto Teste Entra21 GitHub.AssemblyInfoInputs.cache
        new file:   Projeto Teste Entra21 GitHub/obj/Debug/net7.0/Projeto Teste Entra21 GitHub.GeneratedMSBuildEditorConfig.editorconfig
        new file:   Projeto Teste Entra21 GitHub/obj/Debug/net7.0/Projeto Teste Entra21 GitHub.GlobalUsings.g.cs
        new file:   Projeto Teste Entra21 GitHub/obj/Debug/net7.0/Projeto Teste Entra21 GitHub.assets.cache
        new file:   Projeto Teste Entra21 GitHub/obj/Debug/net7.0/Projeto Teste Entra21 GitHub.csproj.AssemblyReference.cache
        new file:   Projeto Teste Entra21 GitHub/obj/Projeto Teste Entra21 GitHub.csproj.nuget.dgspec.json
        new file:   Projeto Teste Entra21 GitHub/obj/Projeto Teste Entra21 GitHub.csproj.nuget.g.props
        new file:   Projeto Teste Entra21 GitHub/obj/Projeto Teste Entra21 GitHub.csproj.nuget.g.targets
        new file:   Projeto Teste Entra21 GitHub/obj/Release/net7.0/.NETCoreApp,Version=v7.0.AssemblyAttributes.cs
        new file:   Projeto Teste Entra21 GitHub/obj/Release/net7.0/Projeto Teste Entra21 GitHub.AssemblyInfo.cs
        new file:   Projeto Teste Entra21 GitHub/obj/Release/net7.0/Projeto Teste Entra21 GitHub.AssemblyInfoInputs.cache
        new file:   Projeto Teste Entra21 GitHub/obj/Release/net7.0/Projeto Teste Entra21 GitHub.GeneratedMSBuildEditorConfig.editorconfig
        new file:   Projeto Teste Entra21 GitHub/obj/Release/net7.0/Projeto Teste Entra21 GitHub.GlobalUsings.g.cs
        new file:   Projeto Teste Entra21 GitHub/obj/Release/net7.0/Projeto Teste Entra21 GitHub.assets.cache
        new file:   Projeto Teste Entra21 GitHub/obj/Release/net7.0/Projeto Teste Entra21 GitHub.csproj.AssemblyReference.cache
        new file:   Projeto Teste Entra21 GitHub/obj/project.assets.json
        new file:   Projeto Teste Entra21 GitHub/obj/project.nuget.cache

PS C:\Users\alex.araujo\source\repos\Projeto Teste Entra21 GitHub> git commit -m "Primeiro Commit"
[master (root-commit) b776c66] Primeiro Commit
 33 files changed, 309 insertions(+)
 create mode 100644 .vs/ProjectEvaluation/projeto teste entra21 github.metadata.v7.bin
 create mode 100644 .vs/ProjectEvaluation/projeto teste entra21 github.projects.v7.bin
 create mode 100644 .vs/ProjectSettings.json
 create mode 100644 .vs/Projeto Teste Entra21 GitHub/DesignTimeBuild/.dtbcache.v2
 create mode 100644 .vs/Projeto Teste Entra21 GitHub/FileContentIndex/2659374d-356b-43fb-bd0a-c00b6015acac.vsidx
 create mode 100644 .vs/Projeto Teste Entra21 GitHub/FileContentIndex/5360f435-9785-449a-9db4-30c09ca2e348.vsidx
 create mode 100644 .vs/Projeto Teste Entra21 GitHub/FileContentIndex/read.lock
 create mode 100644 .vs/Projeto Teste Entra21 GitHub/v17/.futdcache.v2
 create mode 100644 .vs/Projeto Teste Entra21 GitHub/v17/.suo
 create mode 100644 .vs/Projeto Teste Entra21 GitHub/v17/.wsuo
 create mode 100644 .vs/slnx.sqlite
 create mode 100644 Projeto Teste Entra21 GitHub.sln
 create mode 100644 Projeto Teste Entra21 GitHub/Program.cs
 create mode 100644 Projeto Teste Entra21 GitHub/Projeto Teste Entra21 GitHub.csproj
 create mode 100644 Projeto Teste Entra21 GitHub/obj/Debug/net7.0/.NETCoreApp,Version=v7.0.AssemblyAttributes.cs
 create mode 100644 Projeto Teste Entra21 GitHub/obj/Debug/net7.0/Projeto Teste Entra21 GitHub.AssemblyInfo.cs
 create mode 100644 Projeto Teste Entra21 GitHub/obj/Debug/net7.0/Projeto Teste Entra21 GitHub.AssemblyInfoInputs.cache
 create mode 100644 Projeto Teste Entra21 GitHub/obj/Debug/net7.0/Projeto Teste Entra21 GitHub.GeneratedMSBuildEditorConfig.editorconfig
 create mode 100644 Projeto Teste Entra21 GitHub/obj/Debug/net7.0/Projeto Teste Entra21 GitHub.GlobalUsings.g.cs
 create mode 100644 Projeto Teste Entra21 GitHub/obj/Debug/net7.0/Projeto Teste Entra21 GitHub.assets.cache
 create mode 100644 Projeto Teste Entra21 GitHub/obj/Debug/net7.0/Projeto Teste Entra21 GitHub.csproj.AssemblyReference.cache
 create mode 100644 Projeto Teste Entra21 GitHub/obj/Projeto Teste Entra21 GitHub.csproj.nuget.dgspec.json
 create mode 100644 Projeto Teste Entra21 GitHub/obj/Projeto Teste Entra21 GitHub.csproj.nuget.g.props
 create mode 100644 Projeto Teste Entra21 GitHub/obj/Projeto Teste Entra21 GitHub.csproj.nuget.g.targets
 create mode 100644 Projeto Teste Entra21 GitHub/obj/Release/net7.0/.NETCoreApp,Version=v7.0.AssemblyAttributes.cs
 create mode 100644 Projeto Teste Entra21 GitHub/obj/Release/net7.0/Projeto Teste Entra21 GitHub.AssemblyInfo.cs
 create mode 100644 Projeto Teste Entra21 GitHub/obj/Release/net7.0/Projeto Teste Entra21 GitHub.AssemblyInfoInputs.cache
 create mode 100644 Projeto Teste Entra21 GitHub/obj/Release/net7.0/Projeto Teste Entra21 GitHub.GeneratedMSBuildEditorConfig.editorconfig
 create mode 100644 Projeto Teste Entra21 GitHub/obj/Release/net7.0/Projeto Teste Entra21 GitHub.GlobalUsings.g.cs
 create mode 100644 Projeto Teste Entra21 GitHub/obj/Release/net7.0/Projeto Teste Entra21 GitHub.assets.cache
 create mode 100644 Projeto Teste Entra21 GitHub/obj/Release/net7.0/Projeto Teste Entra21 GitHub.csproj.AssemblyReference.cache
 create mode 100644 Projeto Teste Entra21 GitHub/obj/project.assets.json
 create mode 100644 Projeto Teste Entra21 GitHub/obj/project.nuget.cache
PS C:\Users\alex.araujo\source\repos\Projeto Teste Entra21 GitHub> git push origin
fatal: The current branch master has no upstream branch.
To push the current branch and set the remote as upstream, use

    git push --set-upstream origin master

To have this happen automatically for branches without a tracking
upstream, see 'push.autoSetupRemote' in 'git help config'.

PS C:\Users\alex.araujo\source\repos\Projeto Teste Entra21 GitHub> git push
fatal: The current branch master has no upstream branch.
To push the current branch and set the remote as upstream, use

    git push --set-upstream origin master

To have this happen automatically for branches without a tracking
upstream, see 'push.autoSetupRemote' in 'git help config'.

PS C:\Users\alex.araujo\source\repos\Projeto Teste Entra21 GitHub> git push -u origin main
error: src refspec main does not match any
error: failed to push some refs to 'https://github.com/alex-araujo-code/Teste-Reposit-rio-Entra21.git'
PS C:\Users\alex.araujo\source\repos\Projeto Teste Entra21 GitHub> git origin -u origin main
git: 'origin' is not a git command. See 'git --help'.
PS C:\Users\alex.araujo\source\repos\Projeto Teste Entra21 GitHub> git origin -u origin
git: 'origin' is not a git command. See 'git --help'.
PS C:\Users\alex.araujo\source\repos\Projeto Teste Entra21 GitHub> git push -u origin master
Enumerating objects: 42, done.
Counting objects: 100% (42/42), done.
Delta compression using up to 12 threads
Compressing objects: 100% (35/35), done.
Writing objects: 100% (42/42), 102.50 KiB | 5.69 MiB/s, done.
Total 42 (delta 6), reused 0 (delta 0), pack-reused 0
remote: Resolving deltas: 100% (6/6), done.
To https://github.com/alex-araujo-code/Teste-Reposit-rio-Entra21.git
 * [new branch]      master -> master
branch 'master' set up to track 'origin/master'.
PS C:\Users\alex.araujo\source\repos\Projeto Teste Entra21 GitHub>
